(---------------------------------------------------------------------)
(                                                                     )
(    Dangling Line, Via and Antenna Report                            )
(                                                                     )
(    Drawing          : pc069a_toplevel_13_perhaps_junk.brd           )
(    Software Version : 17.4S033                                      )
(    Date/Time        : Wed Jun 28 15:32:09 2023                      )
(                                                                     )
(---------------------------------------------------------------------)


Report methodology:
  - Dangling lines have at least one end not connected.
  - Dangling vias have one or no connection
      - Plus are not a test, thieving or netshort property via.
  - Antenna vias do not have connections on their start and end layers.
      - Plus they are not a thieving vias.
      - Optionally, VOLTAGE nets, testvias and through vias can be suppressed with
        the environment variable report_antennavia.
      - Section may be suppressed by variable report_noantennavia.
  - Not part of the current partition.
  - To suppress items in dangle report add the OK_DANGLE property to the via
    or connect line.



<< Dangling Vias >>
  Net                  Padstack               Location            Layers
  ---------------------------------------------------------------------------
  CVCC                 VIA60-30-85          (-25.8200 21.0000) TOP/BOTTOM 
  CVCC                 VIA60-30-85          (-27.8500 21.5000) TOP/BOTTOM 
  CTRLVCC              VIA60-30-85          (3.2550 16.2950) TOP/BOTTOM 
  GND                  VIA60-30-85          (-18.1000 44.8000) TOP/BOTTOM 
  GND                  VIA60-30-85          (-55.7700 27.9500) TOP/BOTTOM 
  GND                  VIA60-30-85          (-59.4700 27.9000) TOP/BOTTOM 
  GND                  VIA60-30-85          (-37.6943 55.7141) TOP/BOTTOM 
  GND                  VIA60-30-85          (-35.5197 55.7141) TOP/BOTTOM 
  P3V3                 VIA60-30-85          (-43.4200 36.3500) TOP/BOTTOM 


<< Antenna Vias >>
  Net                  Padstack               Location            Layers
  ---------------------------------------------------------------------------
  CLK0_M2C_P           VIA60-30-85          (-54.0070 28.5870) TOP/BOTTOM 
  CLK0_M2C_P           VIA60-30-85          (-1.8250 53.1250) TOP/BOTTOM 
  CLK1_M2C_P           VIA60-30-85          (-46.2000 36.7579) TOP/BOTTOM 
  CLK1_M2C_P           VIA60-30-85          (-0.5550 55.6650) TOP/BOTTOM 
  CLK_RSTB             VIA60-30-85          (-39.1700 55.2000) TOP/BOTTOM 
  CLK_RSTB             VIA60-30-85          (-16.2700 51.9000) TOP/BOTTOM 
  CLK_RSTB             VIA60-30-85          (-42.6200 20.9500) TOP/BOTTOM 
  PLL_LOL*             VIA60-30-85          (-22.5801 50.4130) TOP/BOTTOM 
  PLL_LOL*             VIA60-30-85          (-36.7700 50.6000) TOP/BOTTOM 
  SFP2PLL_DATA_P       VIA60-30-85          (-31.7200 35.8500) TOP/BOTTOM 
  SFP2PLL_DATA_P       VIA60-30-85          (-11.9769 38.8569) TOP/BOTTOM 
  SFP2PLL_DATA_N       VIA60-30-85          (-30.6329 35.8456) TOP/BOTTOM 
  SFP2PLL_DATA_N       VIA60-30-85          (-11.1830 38.0630) TOP/BOTTOM 
  CLK0_M2C_N           VIA60-30-85          (-53.2131 27.7931) TOP/BOTTOM 
  CLK0_M2C_N           VIA60-30-85          (-1.8250 51.8550) TOP/BOTTOM 
  CLK0_C2M_P           VIA60-30-85          (-57.6011 8.9000) TOP/BOTTOM 
  CLK0_C2M_P           VIA60-30-85          (-0.5550 49.3150) TOP/BOTTOM 
  CLK0_C2M_N           VIA60-30-85          (-58.4971 8.0040) TOP/BOTTOM 
  CLK0_C2M_N           VIA60-30-85          (-0.5550 48.0450) TOP/BOTTOM 
  T_MCX_CLK0           VIA60-30-85          (-38.5950 58.4050) TOP/BOTTOM 
  T_MCX_CLK0           VIA60-30-85          (-47.5000 35.5500) TOP/BOTTOM 
  CLK1_M2C_N           VIA60-30-85          (-46.2000 35.6483) TOP/BOTTOM 
  CLK1_M2C_N           VIA60-30-85          (-0.5550 54.3950) TOP/BOTTOM 
  M2C_SFP_DATA_P       VIA60-30-85          (-11.9407 22.1407) TOP/BOTTOM 
  M2C_SFP_DATA_P       VIA60-30-85          (-1.8250 26.4550) TOP/BOTTOM 
  M2C_SFP_DATA_N       VIA60-30-85          (-11.1000 21.3000) TOP/BOTTOM 
  M2C_SFP_DATA_N       VIA60-30-85          (-1.8250 25.1850) TOP/BOTTOM 
  C2M_SFP_DATA_P       VIA60-30-85          (-19.9208 20.1050) TOP/BOTTOM 
  C2M_SFP_DATA_P       VIA60-30-85          (-0.5550 31.5350) TOP/BOTTOM 
  C2M_SFP_DATA_N       VIA60-30-85          (-21.0672 20.1050) TOP/BOTTOM 
  C2M_SFP_DATA_N       VIA60-30-85          (-0.5550 30.2650) TOP/BOTTOM 
  T_FFD_CLK_P          VIA60-30-85          (-23.7740 19.0040) TOP/BOTTOM 
  T_FFD_CLK_P          VIA60-30-85          (-50.7700 17.4500) TOP/BOTTOM 
  T_FFD_CLK_N          VIA60-30-85          (-24.6700 19.9000) TOP/BOTTOM 
  T_FFD_CLK_N          VIA60-30-85          (-49.8740 18.3460) TOP/BOTTOM 
  GPIO_IN1_P           VIA60-30-85          (3.2950 43.0050) TOP/BOTTOM 
  GPIO_IN1_P           VIA60-30-85          (-6.0022 55.5085) TOP/BOTTOM 
  GPIO_IN1_N           VIA60-30-85          (4.5300 42.9700) TOP/BOTTOM 
  GPIO_IN1_N           VIA60-30-85          (-6.0022 56.6549) TOP/BOTTOM 
  GPIO_IN0_P           VIA60-30-85          (-6.0022 61.3585) TOP/BOTTOM 
  GPIO_IN0_P           VIA60-30-85          (4.5386 44.2566) TOP/BOTTOM 
  GPIO_IN0_N           VIA60-30-85          (-6.0022 62.5049) TOP/BOTTOM 
  GPIO_IN0_N           VIA60-30-85          (5.8068 44.2388) TOP/BOTTOM 
  F_GPIO_OUT1_P        VIA60-30-85          (-0.5800 29.0200) TOP/BOTTOM 
  F_GPIO_OUT1_N        VIA60-30-85          (-0.5880 27.7580) TOP/BOTTOM 
  F_GPIO_OUT0_P        VIA60-30-85          (-0.5334 46.7614) TOP/BOTTOM 
  F_GPIO_OUT0_N        VIA60-30-85          (-0.5588 45.5168) TOP/BOTTOM 
  FPGA_CLK_RST         VIA60-30-85          (-21.2200 16.4500) TOP/BOTTOM 
  FPGA_CLK_RST         VIA60-30-85          (-0.5550 20.1050) TOP/BOTTOM 
  SFP_LOS              VIA60-30-85          (-20.7000 46.4700) TOP/BOTTOM 
  FPGA_SFP_LOS         VIA60-30-85          (-7.9500 46.3000) TOP/BOTTOM 
  FPGA_SFP_LOS         VIA60-30-85          (3.2766 40.4368) TOP/BOTTOM 
  FPGA_CLK_SCL         VIA60-30-85          (-26.7200 19.1000) TOP/BOTTOM 
  FPGA_CLK_SCL         VIA60-30-85          (-6.3200 33.9500) TOP/BOTTOM 
  FPGA_CLK_SDA         VIA60-30-85          (-25.8200 19.1500) TOP/BOTTOM 
  FPGA_CLK_SDA         VIA60-30-85          (-6.5536 32.7336) TOP/BOTTOM 
  CLK_SDA              VIA60-30-85          (-31.7660 18.0000) TOP/BOTTOM 
  CLK_SDA              VIA60-30-85          (-38.9200 11.9500) TOP/BOTTOM 
  CLK_SCL              VIA60-30-85          (-32.1700 18.8500) TOP/BOTTOM 
  CLK_SCL              VIA60-30-85          (-43.5200 11.2000) TOP/BOTTOM 
  SFP_TX_FAULT         VIA60-30-85          (-16.5200 48.5500) TOP/BOTTOM 
  SFP_TX_DISABLE       VIA60-30-85          (-31.2200 51.0500) TOP/BOTTOM 
  SFP_TX_DISABLE       VIA60-30-85          (-17.5700 51.6000) TOP/BOTTOM 
  SFP_SDA              VIA60-30-85          (-18.4200 32.5130) TOP/BOTTOM 
  SFP_SCL              VIA60-30-85          (-17.6080 33.3500) TOP/BOTTOM 
  FPGA_SFP_TX_FLT      VIA60-30-85          (-5.7000 34.9000) TOP/BOTTOM 
  FPGA_SFP_TX_FLT      VIA60-30-85          (3.2550 35.3450) TOP/BOTTOM 
  FPGA_SFP_TX_DIS      VIA60-30-85          (-11.9700 41.2500) TOP/BOTTOM 
  FPGA_SFP_TX_DIS      VIA60-30-85          (3.2550 36.6150) TOP/BOTTOM 
  P1V8                 VIA60-30-85          (-44.8159 36.6959) TOP/BOTTOM 
  P1V8                 VIA60-30-85          (-28.9000 12.1500) TOP/BOTTOM 
  P1V8                 VIA60-30-85          (-34.0700 22.7500) TOP/BOTTOM 
  P1V8                 VIA60-30-85          (-32.1220 19.9500) TOP/BOTTOM 
  P1V8                 VIA60-30-85          (-33.8700 17.1230) TOP/BOTTOM 
  P1V8                 VIA60-30-85          (-34.9700 18.9000) TOP/BOTTOM 
  P1V8                 VIA60-30-85          (-38.4700 24.8500) TOP/BOTTOM 
  P1V8                 VIA60-30-85          (-41.1200 31.9270) TOP/BOTTOM 
  P1V8                 VIA60-30-85          (-49.2700 30.3500) TOP/BOTTOM 
  P1V8                 VIA60-30-85          (-57.3700 23.1000) TOP/BOTTOM 
  P1V8                 VIA60-30-85          (-59.3700 23.1000) TOP/BOTTOM 
  P1V8                 VIA60-30-85          (-57.8700 19.1000) TOP/BOTTOM 
  P1V8                 VIA60-30-85          (-57.8700 27.1000) TOP/BOTTOM 
  P1V8                 VIA60-30-85          (-55.8700 20.6000) TOP/BOTTOM 
  P1V8                 VIA60-30-85          (-55.8700 26.1000) TOP/BOTTOM 
  P1V8                 VIA60-30-85          (-54.3700 26.1000) TOP/BOTTOM 
  CVCC                 VIA60-30-85          (-25.8200 21.0000) TOP/BOTTOM 
  CVCC                 VIA60-30-85          (-27.8500 21.5000) TOP/BOTTOM 
  FMC_SDA              VIA60-30-85          (-30.4850 16.0350) TOP/BOTTOM 
  FMC_SDA              VIA60-30-85          (4.5250 17.5650) TOP/BOTTOM 
  FMC_SCL              VIA60-30-85          (-29.6200 16.4500) TOP/BOTTOM 
  FMC_SCL              VIA60-30-85          (4.5250 18.8350) TOP/BOTTOM 
  CTRLVCC              VIA60-30-85          (3.2550 16.2950) TOP/BOTTOM 
  GND                  VIA60-30-85          (-25.8000 40.6410) TOP/BOTTOM 
  GND                  VIA60-30-85          (-18.1000 44.8000) TOP/BOTTOM 
  GND                  VIA60-30-85          (-14.9860 63.8040) TOP/BOTTOM 
  GND                  VIA60-30-85          (-14.9860 55.0040) TOP/BOTTOM 
  GND                  VIA60-30-85          (-24.8210 55.0210) TOP/BOTTOM 
  GND                  VIA60-30-85          (-24.9250 63.7750) TOP/BOTTOM 
  GND                  VIA60-30-85          (-46.6750 57.6250) TOP/BOTTOM 
  GND                  VIA60-30-85          (-46.5250 60.5750) TOP/BOTTOM 
  GND                  VIA60-30-85          (-49.2000 36.6000) TOP/BOTTOM 
  GND                  VIA60-30-85          (-29.1583 17.5250) TOP/BOTTOM 
  GND                  VIA60-30-85          (-32.5500 35.5000) TOP/BOTTOM 
  GND                  VIA60-30-85          (-51.7500 17.8000) TOP/BOTTOM 
  GND                  VIA60-30-85          (-10.4102 23.4898) TOP/BOTTOM 
  GND                  VIA60-30-85          (-53.1500 35.3000) TOP/BOTTOM 
  GND                  VIA60-30-85          (-5.0000 60.6500) TOP/BOTTOM 
  GND                  VIA60-30-85          (-15.2000 59.0500) TOP/BOTTOM 
  GND                  VIA60-30-85          (-15.6500 59.7000) TOP/BOTTOM 
  GND                  VIA60-30-85          (-46.4500 34.6000) TOP/BOTTOM 
  GND                  VIA60-30-85          (-21.7000 19.3500) TOP/BOTTOM 
  GND                  VIA60-30-85          (-11.5738 37.0738) TOP/BOTTOM 
  GND                  VIA60-30-85          (-59.4000 10.3000) TOP/BOTTOM 
  GND                  VIA60-30-85          (-25.7000 28.7000) TOP/BOTTOM 
  GND                  VIA60-30-85          (-33.0730 16.3000) TOP/BOTTOM 
  GND                  VIA60-30-85          (-17.6000 44.3000) TOP/BOTTOM 
  GND                  VIA60-30-85          (-18.6000 44.3000) TOP/BOTTOM 
  GND                  VIA60-30-85          (-17.6000 45.3000) TOP/BOTTOM 
  GND                  VIA60-30-85          (-18.6000 45.3000) TOP/BOTTOM 
  GND                  VIA60-30-85          (-35.5700 17.5500) TOP/BOTTOM 
  GND                  VIA60-30-85          (-37.8701 16.5500) TOP/BOTTOM 
  GND                  VIA60-30-85          (-17.6200 47.1000) TOP/BOTTOM 
  GND                  VIA60-30-85          (-18.6700 47.1000) TOP/BOTTOM 
  GND                  VIA60-30-85          (-19.4200 28.4500) TOP/BOTTOM 
  GND                  VIA60-30-85          (-63.3200 14.6000) TOP/BOTTOM 
  GND                  VIA60-30-85          (-59.6200 14.6000) TOP/BOTTOM 
  GND                  VIA60-30-85          (-61.5200 13.2000) TOP/BOTTOM 
  GND                  VIA60-30-85          (-19.8200 18.6000) TOP/BOTTOM 
  GND                  VIA60-30-85          (-31.8700 30.0500) TOP/BOTTOM 
  GND                  VIA60-30-85          (-35.9700 30.0500) TOP/BOTTOM 
  GND                  VIA60-30-85          (-59.4700 36.7000) TOP/BOTTOM 
  GND                  VIA60-30-85          (-55.9700 36.6000) TOP/BOTTOM 
  GND                  VIA60-30-85          (-56.2200 32.3000) TOP/BOTTOM 
  GND                  VIA60-30-85          (-55.7700 27.9500) TOP/BOTTOM 
  GND                  VIA60-30-85          (-59.5200 32.4500) TOP/BOTTOM 
  GND                  VIA60-30-85          (-59.4700 27.9000) TOP/BOTTOM 
  GND                  VIA60-30-85          (-17.5200 27.8000) TOP/BOTTOM 
  GND                  VIA60-30-85          (-14.0200 27.7000) TOP/BOTTOM 
  GND                  VIA60-30-85          (-14.2700 23.4000) TOP/BOTTOM 
  GND                  VIA60-30-85          (-13.8200 19.0500) TOP/BOTTOM 
  GND                  VIA60-30-85          (-17.5700 23.5500) TOP/BOTTOM 
  GND                  VIA60-30-85          (-17.5200 19.0000) TOP/BOTTOM 
  GND                  VIA60-30-85          (-19.8200 9.8000) TOP/BOTTOM 
  GND                  VIA60-30-85          (-16.1200 9.8500) TOP/BOTTOM 
  GND                  VIA60-30-85          (-16.5700 14.2000) TOP/BOTTOM 
  GND                  VIA60-30-85          (-19.8700 14.3500) TOP/BOTTOM 
  GND                  VIA60-30-85          (-16.3200 18.5000) TOP/BOTTOM 
  GND                  VIA60-30-85          (-54.6700 20.0500) TOP/BOTTOM 
  GND                  VIA60-30-85          (-53.8200 19.2000) TOP/BOTTOM 
  GND                  VIA60-30-85          (-62.5674 25.4974) TOP/BOTTOM 
  GND                  VIA60-30-85          (-59.7174 25.4974) TOP/BOTTOM 
  GND                  VIA60-30-85          (-61.1700 26.4500) TOP/BOTTOM 
  GND                  VIA60-30-85          (-46.3700 14.9000) TOP/BOTTOM 
  GND                  VIA60-30-85          (-41.6000 14.7200) TOP/BOTTOM 
  GND                  VIA60-30-85          (-40.5000 14.7200) TOP/BOTTOM 
  GND                  VIA60-30-85          (-47.8600 12.2100) TOP/BOTTOM 
  GND                  VIA60-30-85          (-46.4200 13.7000) TOP/BOTTOM 
  GND                  VIA60-30-85          (-55.1000 14.0200) TOP/BOTTOM 
  GND                  VIA60-30-85          (-34.5700 20.7000) TOP/BOTTOM 
  GND                  VIA60-30-85          (-31.2700 21.0000) TOP/BOTTOM 
  GND                  VIA60-30-85          (-42.4200 34.5500) TOP/BOTTOM 
  GND                  VIA60-30-85          (-43.6200 34.5500) TOP/BOTTOM 
  GND                  VIA60-30-85          (-51.8700 27.3000) TOP/BOTTOM 
  GND                  VIA60-30-85          (-51.8700 29.0000) TOP/BOTTOM 
  GND                  VIA60-30-85          (-51.7200 25.1000) TOP/BOTTOM 
  GND                  VIA60-30-85          (-51.6200 31.5500) TOP/BOTTOM 
  GND                  VIA60-30-85          (-40.2200 33.8500) TOP/BOTTOM 
  GND                  VIA60-30-85          (-37.2700 28.7000) TOP/BOTTOM 
  GND                  VIA60-30-85          (-35.9700 24.8500) TOP/BOTTOM 
  GND                  VIA60-30-85          (-36.1700 22.1000) TOP/BOTTOM 
  GND                  VIA60-30-85          (-30.4500 21.5000) TOP/BOTTOM 
  GND                  VIA60-30-85          (-32.3700 22.8500) TOP/BOTTOM 
  GND                  VIA60-30-85          (-13.1350 48.6150) TOP/BOTTOM 
  GND                  VIA60-30-85          (-50.8200 21.1000) TOP/BOTTOM 
  GND                  VIA60-30-85          (-50.7200 23.1500) TOP/BOTTOM 
  GND                  VIA60-30-85          (-17.7200 42.4980) TOP/BOTTOM 
  GND                  VIA60-30-85          (-18.5200 42.5003) TOP/BOTTOM 
  GND                  VIA60-30-85          (-14.2214 20.3244) TOP/BOTTOM 
  GND                  VIA60-30-85          (-19.0200 22.1500) TOP/BOTTOM 
  GND                  VIA60-30-85          (-25.9200 22.1500) TOP/BOTTOM 
  GND                  VIA60-30-85          (-21.1000 43.1200) TOP/BOTTOM 
  GND                  VIA60-30-85          (-25.2000 33.4000) TOP/BOTTOM 
  GND                  VIA60-30-85          (-37.6000 58.5000) TOP/BOTTOM 
  GND                  VIA60-30-85          (-3.1900 52.4900) TOP/BOTTOM 
  GND                  VIA60-30-85          (-6.4000 13.4000) TOP/BOTTOM 
  GND                  VIA60-30-85          (-32.2930 25.7000) TOP/BOTTOM 
  GND                  VIA60-30-85          (-37.6943 55.7141) TOP/BOTTOM 
  GND                  VIA60-30-85          (-35.5197 55.7141) TOP/BOTTOM 
  GND                  VIA60-30-85          (-19.8500 36.1270) TOP/BOTTOM 
  GND                  VIA60-30-85          (-25.9000 35.4000) TOP/BOTTOM 
  GND                  VIA60-30-85          (-2.9900 32.7000) TOP/BOTTOM 
  GND                  VIA60-30-85          (-8.8000 59.0000) TOP/BOTTOM 
  GND                  VIA60-30-85          (-8.8000 64.9000) TOP/BOTTOM 
  GND                  VIA60-30-85          (-11.9320 55.0040) TOP/BOTTOM 
  GND                  VIA60-30-85          (-11.9320 57.9540) TOP/BOTTOM 
  GND                  VIA60-30-85          (-7.7000 56.1500) TOP/BOTTOM 
  GND                  VIA60-30-85          (-10.6000 59.0270) TOP/BOTTOM 
  GND                  VIA60-30-85          (-9.6000 59.0270) TOP/BOTTOM 
  GND                  VIA60-30-85          (-9.7000 54.7000) TOP/BOTTOM 
  GND                  VIA60-30-85          (-10.6000 64.9000) TOP/BOTTOM 
  GND                  VIA60-30-85          (-9.6000 64.9000) TOP/BOTTOM 
  GND                  VIA60-30-85          (-7.7000 62.0000) TOP/BOTTOM 
  GND                  VIA60-30-85          (-11.9320 60.8540) TOP/BOTTOM 
  GND                  VIA60-30-85          (-11.9320 63.8040) TOP/BOTTOM 
  GND                  VIA60-30-85          (-9.7000 60.5500) TOP/BOTTOM 
  GND                  VIA60-30-85          (-49.6270 60.5750) TOP/BOTTOM 
  GND                  VIA60-30-85          (-49.6270 57.6250) TOP/BOTTOM 
  GND                  VIA60-30-85          (-35.8140 41.5630) TOP/BOTTOM 
  GND                  VIA60-30-85          (-27.2270 46.5000) TOP/BOTTOM 
  GND                  VIA60-30-85          (-13.0760 51.8650) TOP/BOTTOM 
  GND                  VIA60-30-85          (-7.1360 51.9000) TOP/BOTTOM 
  GND                  VIA60-30-85          (-17.6000 35.9500) TOP/BOTTOM 
  GND                  VIA60-30-85          (-19.1000 56.4270) TOP/BOTTOM 
  GND                  VIA60-30-85          (-10.5000 47.9650) TOP/BOTTOM 
  GND                  VIA60-30-85          (-3.0950 39.1550) TOP/BOTTOM 
  GND                  VIA60-30-85          (-3.1100 21.3900) TOP/BOTTOM 
  GND                  VIA60-30-85          (-4.3650 31.5350) TOP/BOTTOM 
  GND                  VIA60-30-85          (0.7700 27.6700) TOP/BOTTOM 
  GND                  VIA60-30-85          (-3.0950 28.9950) TOP/BOTTOM 
  GND                  VIA60-30-85          (-0.5550 53.1250) TOP/BOTTOM 
  GND                  VIA60-30-85          (-1.8250 54.3950) TOP/BOTTOM 
  GND                  VIA60-30-85          (-1.8000 56.9000) TOP/BOTTOM 
  GND                  VIA60-30-85          (-4.3650 55.6650) TOP/BOTTOM 
  GND                  VIA60-30-85          (-3.1000 54.3000) TOP/BOTTOM 
  GND                  VIA60-30-85          (-3.0950 50.5850) TOP/BOTTOM 
  GND                  VIA60-30-85          (-1.8250 50.5850) TOP/BOTTOM 
  GND                  VIA60-30-85          (-4.1340 50.5916) TOP/BOTTOM 
  GND                  VIA60-30-85          (-3.0950 48.0450) TOP/BOTTOM 
  GND                  VIA60-30-85          (-1.8250 45.5050) TOP/BOTTOM 
  GND                  VIA60-30-85          (-1.8250 42.9650) TOP/BOTTOM 
  GND                  VIA60-30-85          (1.9850 41.6950) TOP/BOTTOM 
  GND                  VIA60-30-85          (-1.8250 31.5350) TOP/BOTTOM 
  GND                  VIA60-30-85          (0.7150 32.8050) TOP/BOTTOM 
  GND                  VIA60-30-85          (-4.3650 34.0750) TOP/BOTTOM 
  GND                  VIA60-30-85          (-0.5550 36.6150) TOP/BOTTOM 
  GND                  VIA60-30-85          (-0.5550 39.1550) TOP/BOTTOM 
  GND                  VIA60-30-85          (-0.5100 44.1900) TOP/BOTTOM 
  GND                  VIA60-30-85          (1.9850 44.2350) TOP/BOTTOM 
  GND                  VIA60-30-85          (3.2550 45.5050) TOP/BOTTOM 
  GND                  VIA60-30-85          (2.0050 46.7950) TOP/BOTTOM 
  GND                  VIA60-30-85          (0.7150 46.7750) TOP/BOTTOM 
  GND                  VIA60-30-85          (5.7950 41.6950) TOP/BOTTOM 
  GND                  VIA60-30-85          (-32.3700 26.7500) TOP/BOTTOM 
  GND                  VIA60-30-85          (-35.6700 26.7500) TOP/BOTTOM 
  GND                  VIA60-30-85          (-7.8000 2.1500) TOP/BOTTOM 
  GND                  VIA60-30-85          (-12.0320 7.0500) TOP/BOTTOM 
  GND                  VIA60-30-85          (-10.0350 5.8000) TOP/BOTTOM 
  GND                  VIA60-30-85          (-38.0420 61.1790) TOP/BOTTOM 
  GND                  VIA60-30-85          (-34.0000 55.8825) TOP/BOTTOM 
  GND                  VIA60-30-85          (-27.9600 55.0210) TOP/BOTTOM 
  GND                  VIA60-30-85          (-27.9600 57.9710) TOP/BOTTOM 
  GND                  VIA60-30-85          (-27.9270 63.7750) TOP/BOTTOM 
  GND                  VIA60-30-85          (-27.9270 60.8250) TOP/BOTTOM 
  GND                  VIA60-30-85          (5.7250 47.9750) TOP/BOTTOM 
  GND                  VIA60-30-85          (5.7950 50.5850) TOP/BOTTOM 
  GND                  VIA60-30-85          (3.2550 49.3150) TOP/BOTTOM 
  GND                  VIA60-30-85          (0.7000 50.6000) TOP/BOTTOM 
  GND                  VIA60-30-85          (5.7700 51.8300) TOP/BOTTOM 
  GND                  VIA60-30-85          (5.7850 53.1150) TOP/BOTTOM 
  GND                  VIA60-30-85          (3.2650 53.1350) TOP/BOTTOM 
  GND                  VIA60-30-85          (5.7950 55.6650) TOP/BOTTOM 
  GND                  VIA60-30-85          (0.7150 55.6650) TOP/BOTTOM 
  GND                  VIA60-30-85          (3.2500 55.6500) TOP/BOTTOM 
  GND                  VIA60-30-85          (-4.8260 46.1400) TOP/BOTTOM 
  GND                  VIA60-30-85          (5.7950 46.7750) TOP/BOTTOM 
  GND                  VIA60-30-85          (4.5250 41.6950) TOP/BOTTOM 
  GND                  VIA60-30-85          (7.0650 41.6950) TOP/BOTTOM 
  GND                  VIA60-30-85          (7.0650 37.8850) TOP/BOTTOM 
  GND                  VIA60-30-85          (5.7950 35.3450) TOP/BOTTOM 
  GND                  VIA60-30-85          (7.0650 36.6150) TOP/BOTTOM 
  GND                  VIA60-30-85          (7.0650 32.8050) TOP/BOTTOM 
  GND                  VIA60-30-85          (7.0650 31.5350) TOP/BOTTOM 
  GND                  VIA60-30-85          (5.7950 30.2650) TOP/BOTTOM 
  GND                  VIA60-30-85          (7.0650 25.1850) TOP/BOTTOM 
  GND                  VIA60-30-85          (5.7950 23.9150) TOP/BOTTOM 
  GND                  VIA60-30-85          (7.0650 21.3750) TOP/BOTTOM 
  GND                  VIA60-30-85          (5.7950 18.8350) TOP/BOTTOM 
  GND                  VIA60-30-85          (7.0650 16.2950) TOP/BOTTOM 
  GND                  VIA60-30-85          (7.0650 11.2150) TOP/BOTTOM 
  GND                  VIA60-30-85          (5.7950 7.4050)  TOP/BOTTOM 
  GND                  VIA60-30-85          (3.2550 7.4050)  TOP/BOTTOM 
  GND                  VIA60-30-85          (1.9850 6.1350)  TOP/BOTTOM 
  GND                  VIA60-30-85          (2.0000 22.7000) TOP/BOTTOM 
  GND                  VIA60-30-85          (-3.0950 23.9150) TOP/BOTTOM 
  GND                  VIA60-30-85          (-1.8250 39.1550) TOP/BOTTOM 
  GND                  VIA60-30-85          (-1.8250 7.4050) TOP/BOTTOM 
  GND                  VIA60-30-85          (5.7950 8.6750)  TOP/BOTTOM 
  GND                  VIA60-30-85          (3.2300 20.1300) TOP/BOTTOM 
  GND                  VIA60-30-85          (3.2850 23.8850) TOP/BOTTOM 
  GND                  VIA60-30-85          (3.2900 27.6900) TOP/BOTTOM 
  GND                  VIA60-30-85          (3.2550 34.0750) TOP/BOTTOM 
  GND                  VIA60-30-85          (3.2500 37.9000) TOP/BOTTOM 
  GND                  VIA60-30-85          (3.2550 50.5850) TOP/BOTTOM 
  GND                  VIA60-30-85          (-0.5900 21.4100) TOP/BOTTOM 
  GND                  VIA60-30-85          (-4.3650 18.8350) TOP/BOTTOM 
  GND                  VIA60-30-85          (-3.0950 16.2950) TOP/BOTTOM 
  GND                  VIA60-30-85          (-1.8250 16.2950) TOP/BOTTOM 
  GND                  VIA60-30-85          (1.9850 16.2950) TOP/BOTTOM 
  GND                  VIA60-30-85          (5.7950 13.7550) TOP/BOTTOM 
  GND                  VIA60-30-85          (2.0000 20.1200) TOP/BOTTOM 
  GND                  VIA60-30-85          (-3.0900 11.2100) TOP/BOTTOM 
  GND                  VIA60-30-85          (-1.8250 11.2150) TOP/BOTTOM 
  GND                  VIA60-30-85          (1.9500 11.2500) TOP/BOTTOM 
  GND                  VIA60-30-85          (5.7950 40.4250) TOP/BOTTOM 
  GND                  VIA60-30-85          (5.8050 37.8950) TOP/BOTTOM 
  GND                  VIA60-30-85          (-4.3650 39.1550) TOP/BOTTOM 
  GND                  VIA60-30-85          (4.5250 32.8050) TOP/BOTTOM 
  GND                  VIA60-30-85          (4.5250 26.4550) TOP/BOTTOM 
  GND                  VIA60-30-85          (7.0650 45.5050) TOP/BOTTOM 
  GND                  VIA60-30-85          (-4.3650 26.4550) TOP/BOTTOM 
  GND                  VIA60-30-85          (-1.8250 27.7250) TOP/BOTTOM 
  GND                  VIA60-30-85          (-4.3750 23.9250) TOP/BOTTOM 
  GND                  VIA60-30-85          (0.7150 26.4550) TOP/BOTTOM 
  GND                  VIA60-30-85          (4.5250 21.3750) TOP/BOTTOM 
  GND                  VIA60-30-85          (7.0650 20.1050) TOP/BOTTOM 
  GND                  VIA60-30-85          (3.2550 9.9450)  TOP/BOTTOM 
  GND                  VIA60-30-85          (-0.5550 8.6750) TOP/BOTTOM 
  GND                  VIA60-30-85          (-3.0950 8.6750) TOP/BOTTOM 
  GND                  VIA60-30-85          (-3.0950 6.1350) TOP/BOTTOM 
  GND                  VIA60-30-85          (-3.0950 42.9650) TOP/BOTTOM 
  GND                  VIA60-30-85          (3.2550 39.1550) TOP/BOTTOM 
  GND                  VIA60-30-85          (2.0150 39.1850) TOP/BOTTOM 
  GND                  VIA60-30-85          (7.0650 48.0450) TOP/BOTTOM 
  GND                  VIA60-30-85          (4.5250 16.2950) TOP/BOTTOM 
  GND                  VIA60-30-85          (1.9950 7.3950)  TOP/BOTTOM 
  GND                  VIA60-30-85          (1.9800 34.0800) TOP/BOTTOM 
  GND                  VIA60-30-85          (0.7150 54.3950) TOP/BOTTOM 
  GND                  VIA60-30-85          (-1.8250 18.8350) TOP/BOTTOM 
  GND                  VIA60-30-85          (5.7750 56.9250) TOP/BOTTOM 
  GND                  VIA60-30-85          (7.0650 53.1250) TOP/BOTTOM 
  GND                  VIA60-30-85          (-3.0950 56.9350) TOP/BOTTOM 
  GND                  VIA60-30-85          (-0.5550 56.9350) TOP/BOTTOM 
  GND                  VIA60-30-85          (3.2600 56.9400) TOP/BOTTOM 
  GND                  VIA60-30-85          (7.0650 56.9350) TOP/BOTTOM 
  GND                  VIA60-30-85          (3.2550 54.3950) TOP/BOTTOM 
  GND                  VIA60-30-85          (5.7950 54.3950) TOP/BOTTOM 
  GND                  VIA60-30-85          (3.2500 51.8500) TOP/BOTTOM 
  GND                  VIA60-30-85          (7.0650 51.8550) TOP/BOTTOM 
  GND                  VIA60-30-85          (5.7950 49.3150) TOP/BOTTOM 
  GND                  VIA60-30-85          (5.7950 42.9650) TOP/BOTTOM 
  GND                  VIA60-30-85          (4.5250 40.4250) TOP/BOTTOM 
  GND                  VIA60-30-85          (7.0650 42.9650) TOP/BOTTOM 
  GND                  VIA60-30-85          (5.7950 39.1550) TOP/BOTTOM 
  GND                  VIA60-30-85          (1.9850 36.6150) TOP/BOTTOM 
  GND                  VIA60-30-85          (5.7900 36.6100) TOP/BOTTOM 
  GND                  VIA60-30-85          (0.7750 31.4750) TOP/BOTTOM 
  GND                  VIA60-30-85          (3.2550 31.5350) TOP/BOTTOM 
  GND                  VIA60-30-85          (5.7950 34.0750) TOP/BOTTOM 
  GND                  VIA60-30-85          (4.5250 31.5350) TOP/BOTTOM 
  GND                  VIA60-30-85          (3.2550 30.2650) TOP/BOTTOM 
  GND                  VIA60-30-85          (7.0450 27.7450) TOP/BOTTOM 
  GND                  VIA60-30-85          (7.0650 26.4550) TOP/BOTTOM 
  GND                  VIA60-30-85          (-1.8250 23.9150) TOP/BOTTOM 
  GND                  VIA60-30-85          (-0.5550 23.9150) TOP/BOTTOM 
  GND                  VIA60-30-85          (3.2550 25.1850) TOP/BOTTOM 
  GND                  VIA60-30-85          (4.5250 25.1850) TOP/BOTTOM 
  GND                  VIA60-30-85          (5.7950 22.6450) TOP/BOTTOM 
  GND                  VIA60-30-85          (3.2550 21.3750) TOP/BOTTOM 
  GND                  VIA60-30-85          (4.5250 20.1050) TOP/BOTTOM 
  GND                  VIA60-30-85          (5.7950 17.5650) TOP/BOTTOM 
  GND                  VIA60-30-85          (7.0650 15.0250) TOP/BOTTOM 
  GND                  VIA60-30-85          (-0.5250 16.3250) TOP/BOTTOM 
  GND                  VIA60-30-85          (-4.3650 16.2950) TOP/BOTTOM 
  GND                  VIA60-30-85          (-3.0950 12.4850) TOP/BOTTOM 
  GND                  VIA60-30-85          (-0.5550 12.4850) TOP/BOTTOM 
  GND                  VIA60-30-85          (1.9850 12.4850) TOP/BOTTOM 
  GND                  VIA60-30-85          (4.5250 11.2150) TOP/BOTTOM 
  GND                  VIA60-30-85          (5.7950 12.4850) TOP/BOTTOM 
  GND                  VIA60-30-85          (1.9850 8.6750)  TOP/BOTTOM 
  GND                  VIA60-30-85          (4.5250 8.6750)  TOP/BOTTOM 
  GND                  VIA60-30-85          (7.0650 9.9450)  TOP/BOTTOM 
  GND                  VIA60-30-85          (-4.3650 7.4050) TOP/BOTTOM 
  GND                  VIA60-30-85          (-0.5550 6.1350) TOP/BOTTOM 
  GND                  VIA60-30-85          (4.5250 6.1350)  TOP/BOTTOM 
  GND                  VIA60-30-85          (7.0650 6.1350)  TOP/BOTTOM 
  GND                  VIA60-30-85          (3.2550 48.0450) TOP/BOTTOM 
  GND                  VIA60-30-85          (0.7150 51.8550) TOP/BOTTOM 
  GND                  VIA60-30-85          (-20.6000 56.4270) TOP/BOTTOM 
  GND                  VIA60-30-85          (-3.0950 36.6150) TOP/BOTTOM 
  GND                  VIA60-30-85          (-36.0704 48.9403) TOP/BOTTOM 
  P12V                 VIA60-30-85          (4.5250 9.9450)  TOP/BOTTOM 
  P12V                 VIA60-30-85          (4.5250 12.4850) TOP/BOTTOM 
  P3V3                 VIA60-30-85          (-47.0000 36.2500) TOP/BOTTOM 
  P3V3                 VIA60-30-85          (-28.4500 15.4730) TOP/BOTTOM 
  P3V3                 VIA60-30-85          (-29.8500 35.3000) TOP/BOTTOM 
  P3V3                 VIA60-30-85          (-50.3238 19.3762) TOP/BOTTOM 
  P3V3                 VIA60-30-85          (-9.7738 21.7238) TOP/BOTTOM 
  P3V3                 VIA60-30-85          (-48.9000 35.3000) TOP/BOTTOM 
  P3V3                 VIA60-30-85          (-5.0000 63.0500) TOP/BOTTOM 
  P3V3                 VIA60-30-85          (-15.7500 57.1500) TOP/BOTTOM 
  P3V3                 VIA60-30-85          (-15.6500 62.0000) TOP/BOTTOM 
  P3V3                 VIA60-30-85          (-21.7000 20.5730) TOP/BOTTOM 
  P3V3                 VIA60-30-85          (-12.9182 39.1182) TOP/BOTTOM 
  P3V3                 VIA60-30-85          (-56.6000 10.8000) TOP/BOTTOM 
  P3V3                 VIA60-30-85          (-25.7000 31.3000) TOP/BOTTOM 
  P3V3                 VIA60-30-85          (-19.0959 29.8459) TOP/BOTTOM 
  P3V3                 VIA60-30-85          (-43.4200 36.3500) TOP/BOTTOM 
  P3V3                 VIA60-30-85          (-61.1700 19.7000) TOP/BOTTOM 
  P3V3                 VIA60-30-85          (-62.4700 20.9000) TOP/BOTTOM 
  P3V3                 VIA60-30-85          (-59.6200 20.9000) TOP/BOTTOM 
  P3V3                 VIA60-30-85          (-29.7700 22.8500) TOP/BOTTOM 
  P3V3                 VIA60-30-85          (-22.1000 56.4270) TOP/BOTTOM 
  P3V3                 VIA60-30-85          (-15.7080 47.9650) TOP/BOTTOM 
  P3V3                 VIA60-30-85          (-46.1200 21.3000) TOP/BOTTOM 
  P3V3                 VIA60-30-85          (-26.0200 27.2500) TOP/BOTTOM 
  P3V3                 VIA60-30-85          (-18.7200 27.2500) TOP/BOTTOM 
  P3V3                 VIA60-30-85          (-49.2200 25.2500) TOP/BOTTOM 
  P3V3                 VIA60-30-85          (-38.4700 26.3500) TOP/BOTTOM 
  P3V3                 VIA60-30-85          (-38.5700 28.8500) TOP/BOTTOM 
  P3V3                 VIA60-30-85          (-38.5430 30.3500) TOP/BOTTOM 
  P3V3                 VIA60-30-85          (-42.6200 31.9000) TOP/BOTTOM 
  P3V3                 VIA60-30-85          (-44.1200 31.9000) TOP/BOTTOM 
  P3V3                 VIA60-30-85          (-46.1200 31.9270) TOP/BOTTOM 
  P3V3                 VIA60-30-85          (-47.6200 31.9270) TOP/BOTTOM 
  P3V3                 VIA60-30-85          (-49.1970 27.3500) TOP/BOTTOM 
  P3V3                 VIA60-30-85          (-49.1970 28.8500) TOP/BOTTOM 
  P3V3                 VIA60-30-85          (-19.7000 33.4000) TOP/BOTTOM 
  P3V3                 VIA60-30-85          (-14.3920 46.6975) TOP/BOTTOM 
  P3V3                 VIA60-30-85          (-6.2000 59.0000) TOP/BOTTOM 
  P3V3                 VIA60-30-85          (-6.2000 64.9000) TOP/BOTTOM 
  P3V3                 VIA60-30-85          (-6.8000 58.2500) TOP/BOTTOM 
  P3V3                 VIA60-30-85          (-6.2000 64.1000) TOP/BOTTOM 
  P3V3                 VIA60-30-85          (-7.8000 1.3000) TOP/BOTTOM 
  P3V3                 VIA60-30-85          (4.5250 7.4050)  TOP/BOTTOM 
  P3V3                 VIA60-30-85          (3.2550 8.6750)  TOP/BOTTOM 
  P3V3                 VIA60-30-85          (3.2550 6.1350)  TOP/BOTTOM 
  P3V3                 VIA60-30-85          (3.2550 11.2150) TOP/BOTTOM 
  P3V3                 VIA60-30-85          (-17.6730 30.9500) TOP/BOTTOM 
  P3V3                 VIA60-30-85          (-17.5000 35.0000) TOP/BOTTOM 
  P3V3                 VIA60-30-85          (-35.5000 42.5450) TOP/BOTTOM 
  P3V3                 VIA60-30-85          (-29.5910 42.4180) TOP/BOTTOM 
  P3V3                 VIA60-30-85          (-35.5000 45.7200) TOP/BOTTOM 
  P3V3                 VIA60-30-85          (-35.5000 46.9900) TOP/BOTTOM 
  P3V3                 VIA60-30-85          (-35.5000 43.8150) TOP/BOTTOM 
  P3V3                 VIA60-30-85          (-29.7180 44.1960) TOP/BOTTOM 
  P3V3                 VIA60-30-85          (-19.7270 51.2500) TOP/BOTTOM 
  P3V3                 VIA60-30-85          (-35.5000 49.8000) TOP/BOTTOM 
  P3V3                 VIA60-30-85          (-35.5000 48.2600) TOP/BOTTOM 
  P3V3                 VIA60-30-85          (-35.9000 59.3090) TOP/BOTTOM 

<< Summary >>
  Total dangling lines:       0
  Total dangling vias:        9
  Total antenna vias:       439
