(---------------------------------------------------------------------)
(                                                                     )
(    Shape Island Report                                              )
(                                                                     )
(    Drawing          : pc069c_toplevel_23.brd                        )
(    Software Version : 24.1P001                                      )
(    Date/Time        : Mon Feb  3 14:23:37 2025                      )
(                                                                     )
(---------------------------------------------------------------------)


  Total islands on design: 15


  <<<  ETCH  >>>

    Layer = TOP
	Point on shape: (-39.3088 34.7817)  Net: GND
	Point on shape: (-13.1654 48.0887)  Net: CVCC
	Point on shape: (-33.5603 18.6498)  Net: CVCC
	Point on shape: (-14.5100 41.5238)  Net: ADVCC
	Point on shape: (-61.0000 59.0000)  Net: GND
	Point on shape: (-37.3120 34.7401)  Net: GND
	Point on shape: (7.0000 2.0000)  Net: GND
	Point on shape: (-61.0000 5.0000)  Net: GND

    Layer = L4_SIGN
	Point on shape: (-45.0878 37.1000)  Net: P1V8

    Layer = BOTTOM
	Point on shape: (-21.4838 53.2000)  Net: ADVCC
	Point on shape: (-19.9838 53.2000)  Net: ADVCC
	Point on shape: (-18.4838 53.2000)  Net: ADVCC
	Point on shape: (7.0000 2.0000)  Net: GND
	Point on shape: (-61.0000 5.0000)  Net: GND
	Point on shape: (-61.0000 59.0000)  Net: GND
