(---------------------------------------------------------------------)
(                                                                     )
(    Shape Island Report                                              )
(                                                                     )
(    Drawing          : pc069c_toplevel_25.brd                        )
(    Software Version : 24.1P001                                      )
(    Date/Time        : Thu Feb  6 09:42:34 2025                      )
(                                                                     )
(---------------------------------------------------------------------)


  Total islands on design: 7


  <<<  ETCH  >>>

    Layer = TOP
	Point on shape: (-14.1274 41.2300)  Net: CVCC
	Point on shape: (-61.0000 5.0000)  Net: GND
	Point on shape: (7.0000 2.0000)  Net: GND
	Point on shape: (-61.0000 59.0000)  Net: GND

    Layer = BOTTOM
	Point on shape: (7.0000 2.0000)  Net: GND
	Point on shape: (-61.0000 5.0000)  Net: GND
	Point on shape: (-61.0000 59.0000)  Net: GND
